,ghi_state,dni_state,cloud_state
2009-02-09,9.0,7.0,7.0
2009-02-10,6.0,4.0,3.0
2009-02-11,7.0,4.0,2.0
2009-02-12,11.0,10.0,0.0
